// 重构日志: 65e3b391
// 重构日志: 16a7c830
// 重构日志: cb4b6e4a
// 重构日志: 71a62730
// 重构日志: 437c657e
// 重构日志: 1ed48d95
// 重构日志: cf895f38
// 重构日志: 78ebaf8e
// 同步 ID: 75c21dd8 @ Fri Jul 17 11:45:13 UTC 2026
// 同步 ID: 72feb50d @ Fri Jul 17 17:16:35 UTC 2026
// 重构日志: 2bfbb878
// 重构日志: 3832c620
// 重构日志: 773be078
// 同步 ID: 6ab91be1 @ Mon Jul 20 16:59:44 UTC 2026
// 同步 ID: 57754d34 @ Mon Jul 20 22:21:57 UTC 2026
// 同步 ID: c36935b9 @ Wed Jul 22 08:02:07 UTC 2026
// 同步 ID: 159cab84 @ Sun Jul 26 13:03:35 UTC 2026
// 重构日志: c15d9152
// 重构日志: 4694b95c
// 重构日志: f14e1c31
// 同步 ID: bc2dcb77 @ Fri Jul 31 17:01:41 UTC 2026
// 同步 ID: 0ba5693f @ Sat Aug  1 12:22:58 UTC 2026
// 同步 ID: 0032c548 @ Sun Aug  2 01:40:17 UTC 2026
// 重构日志: 8856f2aa
// 重构日志: 24f41035
// 重构日志: e5b37106
// 重构日志: d6836cff
// 重构日志: 06e247d0
// 重构日志: 5f1c1c28
// 重构日志: 92bb776e
